../Core/Src/main.c:85:6:void Erase_Flash()	32	static
../Core/Src/main.c:106:6:void ResetChip(GPIO_TypeDef*, uint16_t)	16	static
../Core/Src/main.c:115:6:void SelectChip(GPIO_TypeDef*, uint16_t, GPIO_PinState)	16	static
../Core/Src/main.c:119:6:void SPI_TransmitReceiveWithDebug(SPI_HandleTypeDef*, uint8_t*, uint8_t*, uint16_t, const char*)	32	static
../Core/Src/main.c:139:9:uint8_t ProcessStatusByte(uint8_t*)	80	static
../Core/Src/main.c:205:6:void SPI_WaitUntilReady(SPI_HandleTypeDef*)	16	static
../Core/Src/main.c:220:13:void SPI1_TRANSCEIVER_Delay(uint8_t*, uint8_t*, uint8_t)	32	static
../Core/Src/main.c:245:6:void SPI_WaitOpcod(SPI_HandleTypeDef*)	16	static
../Core/Src/main.c:265:6:void SPI_WaitTransmit(SPI_HandleTypeDef*)	16	static
../Core/Src/main.c:284:6:void GetStatus()	24	static
../Core/Src/main.c:297:6:void SetStandby()	16	static
../Core/Src/main.c:311:6:void setLoRaMode()	16	static
../Core/Src/main.c:320:6:void getPacketType(SPI_HandleTypeDef*)	32	static
../Core/Src/main.c:366:6:void setFrequency()	24	static
../Core/Src/main.c:375:6:void setBufferBaseAddress()	24	static
../Core/Src/main.c:383:6:void setModulationParams()	24	static
../Core/Src/main.c:391:6:void setPacketParams()	32	static
../Core/Src/main.c:407:6:void setTxParams()	24	static
../Core/Src/main.c:413:6:void setTx()	24	static
../Core/Src/main.c:419:6:void ClrIrqStatus()	24	static
../Core/Src/main.c:429:6:void setDioIrqParams(uint16_t, uint16_t, uint16_t, uint16_t)	40	static
../Core/Src/main.c:449:6:bool checkIrqStatus(uint16_t)	88	static
../Core/Src/main.c:468:6:void DerTakt()	8	static
../Core/Src/main.c:515:6:void WriteBuffer(uint8_t, uint8_t*, uint8_t)	80	dynamic
../Core/Src/main.c:536:6:void ReadBuffer(SPI_HandleTypeDef*, UART_HandleTypeDef*, uint8_t)	144	static
../Core/Src/main.c:548:6:void SendPayload(uint8_t, uint8_t*, uint8_t)	16	static
../Core/Src/main.c:556:6:void setDioIrqParamsForTxDone()	40	static
../Core/Src/main.c:570:9:uint8_t PutPacket(uint8_t*)	24	static
../Core/Src/main.c:617:5:int main()	24	static
../Core/Src/main.c:754:6:void SystemClock_Config()	88	static
../Core/Src/main.c:802:13:void MX_SPI1_Init()	8	static
../Core/Src/main.c:840:13:void MX_TIM1_Init()	80	static
../Core/Src/main.c:905:13:void MX_USART2_UART_Init()	8	static
../Core/Src/main.c:938:13:void MX_GPIO_Init()	48	static
../Core/Src/main.c:1010:6:void Error_Handler()	4	static,ignoring_inline_asm
